Command: vcs -full64 -sverilog -cm line+cond -f flist.f -debug_acc+all -kdb -l compile.log \

                         Chronologic VCS (TM)
       Version T-2022.06-SP2_Full64 -- Wed Jun 17 23:27:44 2026

                    Copyright (c) 1991 - 2022 Synopsys, Inc.
   This software and the associated documentation are proprietary to Synopsys,
 Inc. This software may only be used in accordance with the terms and conditions
 of a written license agreement with Synopsys, Inc. All other use, reproduction,
   or distribution of this software is strictly prohibited.  Licensed Products
     communicate with Synopsys servers for the purpose of providing software
    updates, detecting software piracy and verifying that customers are using
    Licensed Products in conformity with the applicable License Key for such
  Licensed Products. Synopsys will use information gathered in connection with
    this process to deliver software updates and pursue software pirates and
                                   infringers.

 Inclusivity & Diversity - Visit SolvNetPlus to read the "Synopsys Statement on
            Inclusivity and Diversity" (Refer to article 000036315 at
                        https://solvnetplus.synopsys.com)

Parsing design file 'tb/bird_pkg.sv'
Parsing design file 'tb/bird_if.sv'
Parsing design file 'tb/bird_ref_model.sv'
Parsing design file 'tb/bird_driver.sv'

Note-[SV-LCM-PPWI] Package previously wildcard imported
tb/bird_driver.sv, 1
$unit
  Package 'bird_pkg' already wildcard imported. 
  Ignoring bird_pkg::*
  See the SystemVerilog LRM(1800-2005), section 19.2.1.

Parsing design file 'tb/bird_generator.sv'

Note-[SV-LCM-PPWI] Package previously wildcard imported
tb/bird_generator.sv, 1
$unit
  Package 'bird_pkg' already wildcard imported. 
  Ignoring bird_pkg::*
  See the SystemVerilog LRM(1800-2005), section 19.2.1.

Parsing design file 'tb/input_monitor.sv'
Parsing design file 'tb/local_monitor.sv'
Parsing design file 'tb/remote_monitor.sv'
Parsing design file 'tb/bird_scoreboard.sv'

Note-[SV-LCM-PPWI] Package previously wildcard imported
tb/bird_scoreboard.sv, 1
$unit
  Package 'bird_pkg' already wildcard imported. 
  Ignoring bird_pkg::*
  See the SystemVerilog LRM(1800-2005), section 19.2.1.

Parsing design file 'tb/bird_env.sv'

Note-[SV-LCM-PPWI] Package previously wildcard imported
tb/bird_env.sv, 1
$unit
  Package 'bird_pkg' already wildcard imported. 
  Ignoring bird_pkg::*
  See the SystemVerilog LRM(1800-2005), section 19.2.1.

Parsing design file 'tb/top_tb.sv'
Parsing design file 'bird.sv'
Top Level Modules:
       top_tb
No TimeScale specified

Warning-[TFIPC] Too few instance port connections
tb/top_tb.sv, 12
top_tb, "bird dut( .clk (clk),  .rst_n (vif.rst_n),  .in_vld (vif.in_vld),  .in_rdy (vif.in_rdy),  .data_in (vif.data_in),  .cfg (vif.cfg),  .local_vld (vif.local_vld),  .local_rdy (vif.local_rdy),  .data_local (vif.data_local),  .remote_vld (vif.remote_vld),  .remote_rdy (vif.remote_rdy),  .data_remote (vif.data_remote));"
  The above instance has fewer port connections than the module definition.
  Please use '+lint=TFIPC-L' to print out detailed information of unconnected 
  ports.

VCS Coverage Metrics Release T-2022.06-SP2_Full64 Copyright (c) 1991-2022 by Synopsys Inc.
Starting vcs inline pass...
5 modules and 0 UDP read.
recompiling package vcs_paramclassrepository
recompiling package bird_pkg
recompiling module bird_if
recompiling module top_tb
recompiling module bird
All of 5 modules done
rm -f _cuarc*.so _csrc*.so pre_vcsobj_*.so share_vcsobj_*.so
if [ -x ../simv ]; then chmod a-x ../simv; fi
g++  -o ../simv      -rdynamic  -Wl,-rpath='$ORIGIN'/simv.daidir -Wl,-rpath=./simv.daidir \
-Wl,-rpath=/usr/synopsys/vcs/T-2022.06-SP2/linux64/lib -L/usr/synopsys/vcs/T-2022.06-SP2/linux64/lib \
-Wl,-rpath-link=./  /usr/lib64/libnuma.so.1   objs/amcQw_d.o   _52704_archive_1.so \
SIM_l.o      rmapats_mop.o rmapats.o rmar.o rmar_nd.o  rmar_llvm_0_1.o rmar_llvm_0_0.o \
-lvirsim -lerrorinf -lsnpsmalloc -lvfs    -lvcsnew -lsimprofile -lreader_common /usr/synopsys/vcs/T-2022.06-SP2/linux64/lib/libBA.a \
-luclinative /usr/synopsys/vcs/T-2022.06-SP2/linux64/lib/vcs_tls.o   -Wl,-whole-archive \
-lvcsucli    -Wl,-no-whole-archive        _vcs_pli_stub_.o   /usr/synopsys/vcs/T-2022.06-SP2/linux64/lib/vcs_save_restore_new.o \
/usr/synopsys/verdi/T-2022.06-SP2/share/PLI/VCS/LINUX64/pli.a -ldl  -lc -lm -lpthread \
-ldl 
../simv up to date
CPU time: .800 seconds to compile + .467 seconds to elab + .376 seconds to link
Verdi KDB elaboration done and the database successfully generated: 0 error(s), 0 warning(s)
